// Jest Snapshot v1, https://goo.gl/fbAQLP

exports[`WithActivePlayer rendered correctly 1`] = `null`;
