// Jest Snapshot v1, https://goo.gl/fbAQLP

exports[`withAudio rendered correctly 1`] = `<audio />`;
